<html>
<body>
<pre>
<h1>礦ision Build Log</h1>
<h2>Tool Versions:</h2>
IDE-Version: μVision V5.17.0.0
Copyright (C) 2015 ARM Ltd and ARM Germany GmbH. All rights reserved.
License Information: a Administrator, a, LIC=HN02Z-J6PYU-DXEU3-AZ086-WSZ40-QVYNI
 
Tool Versions:
Toolchain:       MDK-ARM Standard  Version: 5.17
Toolchain Path:  C:\Keil_v5\ARM\ARMCC\Bin
C Compiler:      Armcc.exe V5.06 update 1 (build 61)
Assembler:       Armasm.exe V5.06 update 1 (build 61)
Linker/Locator:  ArmLink.exe V5.06 update 1 (build 61)
Library Manager: ArmAr.exe V5.06 update 1 (build 61)
Hex Converter:   FromElf.exe V5.06 update 1 (build 61)
CPU DLL:         SARMCM3.DLL V5.17
Dialog DLL:      DCM.DLL V1.13.4.0
Target DLL:      CMSIS_AGDI.dll V1.23.1.0
Dialog DLL:      TCM.DLL V1.14.6.0
 
<h2>Project:</h2>
D:\工作\动平衡机\程序\626N0.1\Dynamic Blance(2018.6.22)\Project\RVMDK（uv5）\BH-F429.uvprojx
Project File Date:  06/26/2018

<h2>Output:</h2>
*** Using Compiler 'V5.06 update 1 (build 61)', folder: 'C:\Keil_v5\ARM\ARMCC\Bin'
Build target 'Dynamic Blance'
compiling bsp_exti.c...
..\..\User\bsp_exti.c(335): warning:  #1-D: last line of file ends without a newline
  	
..\..\User\bsp_exti.c: 1 warning, 0 errors
linking...
Program Size: Code=25140 RO-data=900 RW-data=128 ZI-data=5432  
FromELF: creating hex file...
"..\..\Output\Template.axf" - 0 Error(s), 1 Warning(s).

<h2>Collection of Component include folders:</h2>
  D:\工作\动平衡机\程序\626N0.1\Dynamic Blance(2018.6.22)\Project\RVMDK（uv5）\RTE
  C:\Keil_v5\ARM\PACK\Keil\STM32F4xx_DFP\1.0.8\Device\Include

<h2>Collection of Component Files used:</h2>
Build Time Elapsed:  00:00:03
</pre>
</body>
</html>
